// Jest Snapshot v1, https://goo.gl/fbAQLP

exports[`Main component renders a .Main by default 1`] = `
<section
  className="Main"
>
  <ul
    className="note-list"
  />
  <div
    className="Main__button-container"
  >
    <CircleButton
      className="Main__add-note"
      tag={[Function]}
      to="/add-note"
      type="button"
    >
      + Note
    </CircleButton>
  </div>
</section>
`;

exports[`Main component renders a Note in ul for each notes in array 1`] = `
<ul
  className="note-list"
>
  <li
    key="cbc787a0-ffaf-11e8-8eb2-f2801f1b9fd1"
  >
    <NoteInfo
      id="cbc787a0-ffaf-11e8-8eb2-f2801f1b9fd1"
      modified="2019-01-03T00:00:00.000Z"
      name="Dogs"
    />
  </li>
  <li
    key="d26e0034-ffaf-11e8-8eb2-f2801f1b9fd1"
  >
    <NoteInfo
      id="d26e0034-ffaf-11e8-8eb2-f2801f1b9fd1"
      modified="2018-08-15T23:00:00.000Z"
      name="Cats"
    />
  </li>
  <li
    key="d26e01a6-ffaf-11e8-8eb2-f2801f1b9fd1"
  >
    <NoteInfo
      id="d26e01a6-ffaf-11e8-8eb2-f2801f1b9fd1"
      modified="2018-03-01T00:00:00.000Z"
      name="Pigs"
    />
  </li>
  <li
    key="d26e0570-ffaf-11e8-8eb2-f2801f1b9fd1"
  >
    <NoteInfo
      id="d26e0570-ffaf-11e8-8eb2-f2801f1b9fd1"
      modified="2019-01-04T00:00:00.000Z"
      name="Birds"
    />
  </li>
</ul>
`;
