// Jest Snapshot v1, https://goo.gl/fbAQLP

exports[`NotePage component renders a .NotePage by default 1`] = `
<section
  className="MainNotePage"
>
  <NoteInfo />
  <div
    className="NotePage__content"
  >
    <p
      key="0"
    />
  </div>
</section>
`;

exports[`NotePage component renders a Note with note prop 1`] = `null`;

exports[`NotePage component splits the content by \\n or \\n\\r, with a p foreach 1`] = `null`;

exports[`NotePage component splits the content by \\n or \\n\\r, with a p foreach 2`] = `null`;
